Traceback (most recent call last):
  File "/var/home/merdan/devbox/home/merdandev/mlcourse/commentcourt/model/merdan-modeller-train/merdan_classic.py", line 72, in <module>
    df = pd.read_excel(DATA_PATH)
  File "/home/merdan/devbox/home/merdandev/mlcourse/commentcourt/.venv/lib64/python3.14/site-packages/pandas/io/excel/_base.py", line 508, in read_excel
    data = io.parse(
        sheet_name=sheet_name,
    ...<21 lines>...
        dtype_backend=dtype_backend,
    )
  File "/home/merdan/devbox/home/merdandev/mlcourse/commentcourt/.venv/lib64/python3.14/site-packages/pandas/io/excel/_base.py", line 1616, in parse
    return self._reader.parse(
           ~~~~~~~~~~~~~~~~~~^
        sheet_name=sheet_name,
        ^^^^^^^^^^^^^^^^^^^^^^
    ...<17 lines>...
        **kwds,
        ^^^^^^^
    )
    ^
  File "/home/merdan/devbox/home/merdandev/mlcourse/commentcourt/.venv/lib64/python3.14/site-packages/pandas/io/excel/_base.py", line 778, in parse
    data = self.get_sheet_data(sheet, file_rows_needed)
  File "/home/merdan/devbox/home/merdandev/mlcourse/commentcourt/.venv/lib64/python3.14/site-packages/pandas/io/excel/_openpyxl.py", line 615, in get_sheet_data
    for row_number, row in enumerate(sheet.rows):
                           ~~~~~~~~~^^^^^^^^^^^^
  File "/home/merdan/devbox/home/merdandev/mlcourse/commentcourt/.venv/lib64/python3.14/site-packages/openpyxl/worksheet/_read_only.py", line 85, in _cells_by_row
    for idx, row in parser.parse():
                    ~~~~~~~~~~~~^^
  File "/home/merdan/devbox/home/merdandev/mlcourse/commentcourt/.venv/lib64/python3.14/site-packages/openpyxl/worksheet/_reader.py", line 167, in parse
    row = self.parse_row(element)
  File "/home/merdan/devbox/home/merdandev/mlcourse/commentcourt/.venv/lib64/python3.14/site-packages/openpyxl/worksheet/_reader.py", line 303, in parse_row
    cells = [self.parse_cell(el) for el in row]
             ~~~~~~~~~~~~~~~^^^^
  File "/home/merdan/devbox/home/merdandev/mlcourse/commentcourt/.venv/lib64/python3.14/site-packages/openpyxl/worksheet/_reader.py", line 199, in parse_cell
    value = element.findtext(VALUE_TAG, None) or None
            ~~~~~~~~~~~~~~~~^^^^^^^^^^^^^^^^^
KeyboardInterrupt
